# poetry run pytest tests/ -v | tee tests/test_output.log

============================= test session starts =============================
platform win32 -- Python 3.11.9, pytest-8.4.1, pluggy-1.6.0 -- C:\Users\asus\AppData\Local\pypoetry\Cache\virtualenvs\nttdatarag-YI5M5Tug-py3.11\Scripts\python.exe
cachedir: .pytest_cache
rootdir: C:\Users\asus\OneDrive\Documents\Code\NTTDataRAG
configfile: pyproject.toml
plugins: anyio-4.9.0
collecting ... collected 3 items

tests/test_chunker.py::test_extract_chunks_structure PASSED              [ 33%]
tests/test_embedding.py::test_embed_chunks_output_shape PASSED           [ 66%]
tests/test_retriever.py::test_build_and_save_returns_index PASSED        [100%]

============================== warnings summary ===============================
<frozen importlib._bootstrap>:241
<frozen importlib._bootstrap>:241
  <frozen importlib._bootstrap>:241: DeprecationWarning: builtin type SwigPyPacked has no __module__ attribute

<frozen importlib._bootstrap>:241
<frozen importlib._bootstrap>:241
  <frozen importlib._bootstrap>:241: DeprecationWarning: builtin type SwigPyObject has no __module__ attribute

<frozen importlib._bootstrap>:241
  <frozen importlib._bootstrap>:241: DeprecationWarning: builtin type swigvarlink has no __module__ attribute

..\..\..\..\AppData\Local\pypoetry\Cache\virtualenvs\nttdatarag-YI5M5Tug-py3.11\Lib\site-packages\faiss\loader.py:49
  C:\Users\asus\AppData\Local\pypoetry\Cache\virtualenvs\nttdatarag-YI5M5Tug-py3.11\Lib\site-packages\faiss\loader.py:49: DeprecationWarning: numpy.core._multiarray_umath is deprecated and has been renamed to numpy._core._multiarray_umath. The numpy._core namespace contains private NumPy internals and its use is discouraged, as NumPy internals can change without warning in any release. In practice, most real-world usage of numpy.core is to access functionality in the public NumPy API. If that is the case, use the public NumPy API. If not, you are using NumPy internals. If you would still like to access an internal attribute, use numpy._core._multiarray_umath.__cpu_features__.
    from numpy.core._multiarray_umath import __cpu_features__

-- Docs: https://docs.pytest.org/en/stable/how-to/capture-warnings.html
======================== 3 passed, 6 warnings in 2.94s ========================
